../Core/Src/main.c:109:5:main	8	static
../Core/Src/main.c:201:6:SystemClock_Config	96	static
../Core/Src/main.c:251:13:MX_ADC1_Init	72	static
../Core/Src/main.c:332:13:MX_TIM1_Init	144	static
../Core/Src/main.c:440:13:MX_TIM2_Init	64	static
../Core/Src/main.c:503:13:MX_TIM5_Init	40	static
../Core/Src/main.c:548:13:MX_TIM6_Init	24	static
../Core/Src/main.c:586:13:MX_TIM7_Init	24	static
../Core/Src/main.c:624:13:MX_USART1_UART_Init	8	static
../Core/Src/main.c:659:13:MX_GPIO_Init	40	static
../Core/Src/main.c:722:6:Tourner	16	static
../Core/Src/main.c:737:6:CommandeMoteur	24	static
../Core/Src/main.c:751:6:Avancer	16	static
../Core/Src/main.c:760:5:PtToDeg	16	static
../Core/Src/main.c:765:6:GererEtat	16	static
../Core/Src/main.c:826:6:check_button_state	8	static
../Core/Src/main.c:835:6:HAL_GPIO_EXTI_Callback	16	static
../Core/Src/main.c:867:6:HAL_TIM_PeriodElapsedCallback	16	static
../Core/Src/main.c:937:6:HAL_TIM_IC_CaptureCallback	16	static
../Core/Src/main.c:946:6:HAL_ADC_LevelOutOfWindowCallback	16	static
../Core/Src/main.c:962:6:Error_Handler	4	static,ignoring_inline_asm
